File test.c
Function f1
int * f1(int p)
  Returns Pointer MayBeNull NotError
  Param p Other
