File test.c
Function f4
int * f4(int p)
  Returns Pointer MayBeNull NotError
  Param p Other
