File test.c
Function f2
int * f2(int p)
  Returns Pointer NotNull MayBeError
  Param p Other
