File test.c
Function f3
int * f3(int p)
  Returns Pointer MayBeNull NotError
  Param p Other
