File test.c
Function f4
int * f4(int p)
  Returns Pointer NotNull MayBeError
  Param p Other
