File test.c
Function f1
int f1(int p)
  Returns Signed MayBeNegative MayBePositive
  Param p Other
