File test.c
Function f2
int f2(int p)
  Returns Signed NotNegative MayBePositive
  Param p Other
