File test.c
Function f3
int f3(int p)
  Returns Signed MayBeNegative NotPositive
  Param p Other
