File test.c
Function f5
int f5(int p)
  Returns Signed NotNegative MayBePositive
  Param p Other
